Microchip MPLAB XC8 Compiler V2.20

Linker command line:

-W-3 --edf=C:\Program Files\Microchip\xc8\v2.20\pic\dat\en_msgs.txt -cn \
  -h+dist/default/production\Salon_1.production.sym \
  --cmf=dist/default/production\Salon_1.production.cmf -z -Q18F4550 \
  -oC:\Users\Diego\AppData\Local\Temp\s998.2 --defsym=__MPLAB_BUILD=1 \
  -Mdist/default/production/Salon_1.production.map -E1 -ver=XC8 Compiler \
  --acfsm=1493 -ASTACK=0DDh-07FFh -pstack=STACK -ACODE=00h-07FFFh \
  -ACONST=00h-07FFFh -ASMALLCONST=0800h-08FFhx120 \
  -AMEDIUMCONST=0800h-07FFFh -ACOMRAM=01h-05Fh -AABS1=00h-07FFh \
  -ABIGRAM=01h-07FFh -ARAM=060h-0FFh,0100h-01FFhx7 -ABANK0=060h-0FFh \
  -ABANK1=0100h-01FFh -ABANK2=0200h-02FFh -ABANK3=0300h-03FFh \
  -ABANK4=0400h-04FFh -ABANK5=0500h-05FFh -ABANK6=0600h-06FFh \
  -ABANK7=0700h-07FFh -ASFR=0F60h-0FFFh -ACONFIG=0300000h-030000Dh \
  -AIDLOC=0200000h-0200007h \
  -preset_vec=00h,intcode=08h,intcodelo,powerup,init -pramtop=0800h \
  -psmallconst=SMALLCONST -pmediumconst=MEDIUMCONST -pconst=CONST \
  -AFARRAM=00h-00h -AEEDATA=0F00000h-0F000FFh -peeprom_data=EEDATA \
  -prdata=COMRAM,nvrram=COMRAM,nvbit=COMRAM,rbss=COMRAM,rbit=COMRAM \
  -pfarbss=FARRAM,fardata=FARRAM,nvFARRAM=FARRAM \
  -pintsave_regs=BIGRAM,bigbss=BIGRAM,bigdata=BIGRAM -pbss=RAM \
  -pidata=CODE,irdata=CODE,ibigdata=CODE,ifardata=CODE -prparam=COMRAM \
  C:\Users\Diego\AppData\Local\Temp\s998.o \
  dist/default/production\Salon_1.production.o 

Object code version is 3.11

Machine type is 18F4550



                Name                               Link     Load   Length Selector   Space Scale
C:\Users\Diego\AppData\Local\Temp\s998.o
                idloc                            200000   200000        8        0       5
                config                           300000   300000        E        0       4
                init                                  E        E        4        4       0
                reset_vec                             0        0        4        0       0
dist/default/production\Salon_1.production.o
                intcode                               8        8        6        4       0
                idloc                            200000   200000        8        0       5
                config                           300000   300000        E        0       4
                temp                                 59       59        1        1       1
                smallconst                          800      800       7E      400       0
                intcode_body                       20EE     20EE       2E      43F       0
                text31                             20BA     20BA       34      43F       0
                text30                             2086     2086       34      43F       0
                text29                             2132     2132       12      43F       0
                text28                             2144     2144        A      43F       0
                text27                             1DBE     1DBE       58      43F       0
                text26                             1C36     1C36       6E      43F       0
                text25                             1D64     1D64       5A      43F       0
                text24                             18EA     18EA       DE      43F       0
                text23                             1EEC     1EEC       40      43F       0
                text22                             211C     211C       16      43F       0
                text21                             1FA4     1FA4       3C      43F       0
                text20                             17DE     17DE      10C      43F       0
                text19                             1B58     1B58       70      43F       0
                text18                             1BC8     1BC8       6E      43F       0
                text17                             14F2     14F2      188      43F       0
                text16                             167A     167A      164      43F       0
                text15                             1EAC     1EAC       40      43F       0
                text14                             2152     2152        2      43F       0
                text13                             19C8     19C8       CA      43F       0
                text12                             1E68     1E68       44      43F       0
                text11                             2050     2050       36      43F       0
                text10                             1A92     1A92       C6      43F       0
                text9                               CA0      CA0      2E2      43F       0
                text8                              1F68     1F68       3C      43F       0
                text7                              2018     2018       38      43F       0
                text6                              1FE0     1FE0       38      43F       0
                text5                              1D06     1D06       5E      43F       0
                text4                               F82      F82      2D8      43F       0
                text3                              125A     125A      298      43F       0
                text2                              1CA4     1CA4       62      43F       0
                text1                              1E16     1E16       52      43F       0
                text0                               87E      87E      422      43F       0
                cstackCOMRAM                          1        1       57        1       1
                cstackBANK0                          B6       B6       23       60       1
                dataBANK0                            D9       D9        4       60       1
                bssBANK0                             60       60       56       60       1
                bssCOMRAM                            58       58        1        1       1
                cinit                              1F2C     1F2C       3C      43F       0
                idataBANK0                         214E     214E        4      43F       0

TOTAL           Name                               Link     Load   Length     Space
        CLASS   STACK          

        CLASS   CODE           
                intcode                               8        8        6         0
                init                                  E        E        4         0
                reset_vec                             0        0        4         0
                intcode_body                       20EE     20EE       2E         0
                text31                             20BA     20BA       34         0
                text30                             2086     2086       34         0
                text29                             2132     2132       12         0
                text28                             2144     2144        A         0
                text27                             1DBE     1DBE       58         0
                text26                             1C36     1C36       6E         0
                text25                             1D64     1D64       5A         0
                text24                             18EA     18EA       DE         0
                text23                             1EEC     1EEC       40         0
                text22                             211C     211C       16         0
                text21                             1FA4     1FA4       3C         0
                text20                             17DE     17DE      10C         0
                text19                             1B58     1B58       70         0
                text18                             1BC8     1BC8       6E         0
                text17                             14F2     14F2      188         0
                text16                             167A     167A      164         0
                text15                             1EAC     1EAC       40         0
                text14                             2152     2152        2         0
                text13                             19C8     19C8       CA         0
                text12                             1E68     1E68       44         0
                text11                             2050     2050       36         0
                text10                             1A92     1A92       C6         0
                text9                               CA0      CA0      2E2         0
                text8                              1F68     1F68       3C         0
                text7                              2018     2018       38         0
                text6                              1FE0     1FE0       38         0
                text5                              1D06     1D06       5E         0
                text4                               F82      F82      2D8         0
                text3                              125A     125A      298         0
                text2                              1CA4     1CA4       62         0
                text1                              1E16     1E16       52         0
                text0                               87E      87E      422         0
                cinit                              1F2C     1F2C       3C         0
                idataBANK0                         214E     214E        4         0

        CLASS   CONST          

        CLASS   SMALLCONST     
                smallconst                          800      800       7E         0

        CLASS   MEDIUMCONST    

        CLASS   COMRAM         
                temp                                 59       59        1         1
                cstackCOMRAM                          1        1       57         1
                bssCOMRAM                            58       58        1         1

        CLASS   ABS1           

        CLASS   BIGRAM         

        CLASS   RAM            

        CLASS   BANK0          
                cstackBANK0                          B6       B6       23         1
                dataBANK0                            D9       D9        4         1
                bssBANK0                             60       60       56         1

        CLASS   BANK1          

        CLASS   BANK2          

        CLASS   BANK3          

        CLASS   BANK4          

        CLASS   BANK5          

        CLASS   BANK6          

        CLASS   BANK7          

        CLASS   SFR            

        CLASS   CONFIG         
                config                           300000   300000        E         4

        CLASS   IDLOC          
                idloc                            200000   200000        8         5

        CLASS   FARRAM         

        CLASS   EEDATA         



SEGMENTS        Name                           Load    Length   Top    Selector   Space  Class

                reset_vec                      000000  000004  000004         0       0  CODE    
                cstackCOMRAM                   000001  000059  00005A         1       1  COMRAM  
                intcode                        000008  00000A  000012         4       0  CODE    
                bssBANK0                       000060  00007D  0000DD        60       1  BANK0   
                smallconst                     000800  00007E  00087E       400       0  SMALLCON
                text0                          00087E  0018D6  002154       43F       0  CODE    


UNUSED ADDRESS RANGES

        Name                Unused          Largest block    Delta
        BANK0            0000DD-0000FF               23
        BANK1            000100-0001FF              100
        BANK2            000200-0002FF              100
        BANK3            000300-0003FF              100
        BANK4            000400-0004FF              100
        BANK5            000500-0005FF              100
        BANK6            000600-0006FF              100
        BANK7            000700-0007FF              100
        BIGRAM           00005A-00005F                6
                         0000DD-0007FF              723
        CODE             000004-000007                4
                         000012-0007FF              7EE
                         002154-007FFF             5EAC
        COMRAM           00005A-00005F                6
        CONST            000004-000007                4
                         000012-0007FF              7EE
                         002154-007FFF             5EAC
        EEDATA           F00000-F000FF              100
        MEDIUMCONST      002154-007FFF             5EAC
        RAM              0000DD-0007FF              100
        SFR              000F60-000FFF               A0
        SMALLCONST       002154-007FFF              100
        STACK            0000DD-0007FF              723

                                  Symbol Table

?___aldiv                cstackCOMRAM 000002
?___aodiv                cstackCOMRAM 000002
?___aomod                cstackCOMRAM 000002
?_abs                    cstackCOMRAM 000014
?_dtoa                   cstackCOMRAM 00001D
?_isalpha                cstackCOMRAM 000002
?_islower                cstackCOMRAM 000002
?_isupper                cstackCOMRAM 000002
?_pad                    cstackCOMRAM 000012
?_sprintf                cstackBANK0  0000C7
?_strlen                 cstackCOMRAM 000002
?_toupper                cstackCOMRAM 000008
?_vfpfcnvrt              cstackCOMRAM 000044
?_vfprintf               cstackCOMRAM 00004E
?_xtoa                   cstackCOMRAM 00001D
LCD_Cadena@dato          cstackCOMRAM 000004
LCD_Comando@cmd          cstackCOMRAM 000003
LCD_Data@data            cstackCOMRAM 000003
LCD_gotoXY@x             cstackCOMRAM 000004
LCD_gotoXY@y             cstackCOMRAM 000006
USART_Init@BAUD          cstackCOMRAM 000010
USART_TX@data            cstackCOMRAM 000002
_ADCON1bits              (abs)        000FC1
_EMERGENCIA              bssBANK0     000068
_Giro_IN                 text31       0020BA
_Giro_OUT                text30       002086
_HORARIO                 smallconst   000801
_INTCON2bits             (abs)        000FF1
_INTCON3bits             (abs)        000FF0
_INTCONbits              (abs)        000FF2
_INT_isr                 intcode      000008
_InitPort                text29       002132
_Init_Int                text28       002144
_LATB                    (abs)        000F8A
_LATCbits                (abs)        000F8B
_LATDbits                (abs)        000F8C
_LATEbits                (abs)        000F8D
_LCD_Cadena              text26       001C36
_LCD_Comando             text25       001D64
_LCD_Data                text27       001DBE
_LCD_Init                text24       0018EA
_LCD_gotoXY              text23       001EEC
_PORTCbits               (abs)        000F82
_PORTD                   (abs)        000F83
_RCREG                   (abs)        000FAE
_RCSTAbits               (abs)        000FAB
_SPBRG                   (abs)        000FAF
_TRISB                   (abs)        000F93
_TRISCbits               (abs)        000F94
_TRISD                   (abs)        000F95
_TRISDbits               (abs)        000F95
_TRISEbits               (abs)        000F96
_TXREG                   (abs)        000FAD
_TXSTAbits               (abs)        000FAC
_Tx_i                    text21       001FA4
_USART_Init              text19       001B58
_USART_Init$1603         cstackCOMRAM 000014
_USART_RX                text18       001BC8
_USART_TX                text22       00211C
__HRAM                   (abs)        000000
__Habs1                  abs1         000000
__Hbank0                 bank0        000000
__Hbank1                 bank1        000000
__Hbank2                 bank2        000000
__Hbank3                 bank3        000000
__Hbank4                 bank4        000000
__Hbank5                 bank5        000000
__Hbank6                 bank6        000000
__Hbank7                 bank7        000000
__Hbigbss                bigbss       000000
__Hbigdata               bigdata      000000
__Hbigram                bigram       000000
__Hbss                   bss          000000
__HbssBANK0              bssBANK0     000000
__HbssCOMRAM             bssCOMRAM    000000
__Hcinit                 cinit        000000
__Hclrtext               clrtext      000000
__Hcomram                comram       000000
__Hconfig                config       30000E
__Hconst                 const        000000
__HcstackBANK0           cstackBANK0  000000
__HcstackCOMRAM          cstackCOMRAM 000000
__Hdata                  data         000000
__HdataBANK0             dataBANK0    000000
__Heeprom_data           eeprom_data  000000
__Hfarbss                farbss       000000
__Hfardata               fardata      000000
__Hibigdata              ibigdata     000000
__Hidata                 idata        000000
__HidataBANK0            idataBANK0   000000
__Hidloc                 idloc        200008
__Hifardata              ifardata     000000
__Hinit                  init         000012
__Hintcode               intcode      00000E
__Hintcode_body          intcode_body 000000
__Hintcodelo             intcodelo    00000E
__Hintentry              intentry     000000
__Hintret                intret       000000
__Hintsave_regs          intsave_regs 000000
__Hirdata                irdata       000000
__Hmediumconst           mediumconst  000000
__HnvFARRAM              nvFARRAM     000000
__Hnvbit                 nvbit        000000
__Hnvrram                nvrram       000000
__Hparam                 rparam       000000
__Hpowerup               powerup      00000E
__Hram                   ram          000000
__Hramtop                ramtop       000800
__Hrbit                  rbit         000000
__Hrbss                  rbss         000000
__Hrdata                 rdata        000000
__Hreset_vec             reset_vec    000004
__Hrparam                rparam       000000
__Hsfr                   sfr          000000
__Hsmallconst            smallconst   00087E
__Hspace_0               (abs)        002154
__Hspace_1               (abs)        0000DD
__Hspace_2               (abs)        000000
__Hspace_4               (abs)        60000E
__Hstack                 stack        000000
__Hstruct                struct       000000
__Htemp                  temp         00005A
__Htext                  text         000000
__Htext0                 text0        000000
__Htext1                 text1        000000
__Htext10                text10       000000
__Htext11                text11       000000
__Htext12                text12       000000
__Htext13                text13       000000
__Htext14                text14       000000
__Htext15                text15       000000
__Htext16                text16       000000
__Htext17                text17       000000
__Htext18                text18       000000
__Htext19                text19       000000
__Htext2                 text2        000000
__Htext20                text20       000000
__Htext21                text21       000000
__Htext22                text22       000000
__Htext23                text23       000000
__Htext24                text24       000000
__Htext25                text25       000000
__Htext26                text26       000000
__Htext27                text27       000000
__Htext28                text28       000000
__Htext29                text29       000000
__Htext3                 text3        000000
__Htext30                text30       000000
__Htext31                text31       000000
__Htext4                 text4        000000
__Htext5                 text5        000000
__Htext6                 text6        000000
__Htext7                 text7        000000
__Htext8                 text8        000000
__Htext9                 text9        000000
__LRAM                   (abs)        000001
__Labs1                  abs1         000000
__Lbank0                 bank0        000000
__Lbank1                 bank1        000000
__Lbank2                 bank2        000000
__Lbank3                 bank3        000000
__Lbank4                 bank4        000000
__Lbank5                 bank5        000000
__Lbank6                 bank6        000000
__Lbank7                 bank7        000000
__Lbigbss                bigbss       000000
__Lbigdata               bigdata      000000
__Lbigram                bigram       000000
__Lbss                   bss          000000
__LbssBANK0              bssBANK0     000000
__LbssCOMRAM             bssCOMRAM    000000
__Lcinit                 cinit        000000
__Lclrtext               clrtext      000000
__Lcomram                comram       000000
__Lconfig                config       000000
__Lconst                 const        000000
__LcstackBANK0           cstackBANK0  000000
__LcstackCOMRAM          cstackCOMRAM 000000
__Ldata                  data         000000
__LdataBANK0             dataBANK0    000000
__Leeprom_data           eeprom_data  000000
__Lfarbss                farbss       000000
__Lfardata               fardata      000000
__Libigdata              ibigdata     000000
__Lidata                 idata        000000
__LidataBANK0            idataBANK0   000000
__Lidloc                 idloc        000000
__Lifardata              ifardata     000000
__Linit                  init         00000E
__Lintcode               intcode      000008
__Lintcode_body          intcode_body 000000
__Lintcodelo             intcodelo    00000E
__Lintentry              intentry     000000
__Lintret                intret       000000
__Lintsave_regs          intsave_regs 000000
__Lirdata                irdata       000000
__Lmediumconst           mediumconst  000000
__LnvFARRAM              nvFARRAM     000000
__Lnvbit                 nvbit        000000
__Lnvrram                nvrram       000000
__Lparam                 rparam       000000
__Lpowerup               powerup      00000E
__Lram                   ram          000000
__Lramtop                ramtop       000800
__Lrbit                  rbit         000000
__Lrbss                  rbss         000000
__Lrdata                 rdata        000000
__Lreset_vec             reset_vec    000000
__Lrparam                rparam       000000
__Lsfr                   sfr          000000
__Lsmallconst            smallconst   000800
__Lspace_0               (abs)        000000
__Lspace_1               (abs)        000000
__Lspace_2               (abs)        000000
__Lspace_4               (abs)        000000
__Lstack                 stack        000000
__Lstruct                struct       000000
__Ltemp                  temp         000059
__Ltext                  text         000000
__Ltext0                 text0        000000
__Ltext1                 text1        000000
__Ltext10                text10       000000
__Ltext11                text11       000000
__Ltext12                text12       000000
__Ltext13                text13       000000
__Ltext14                text14       000000
__Ltext15                text15       000000
__Ltext16                text16       000000
__Ltext17                text17       000000
__Ltext18                text18       000000
__Ltext19                text19       000000
__Ltext2                 text2        000000
__Ltext20                text20       000000
__Ltext21                text21       000000
__Ltext22                text22       000000
__Ltext23                text23       000000
__Ltext24                text24       000000
__Ltext25                text25       000000
__Ltext26                text26       000000
__Ltext27                text27       000000
__Ltext28                text28       000000
__Ltext29                text29       000000
__Ltext3                 text3        000000
__Ltext30                text30       000000
__Ltext31                text31       000000
__Ltext4                 text4        000000
__Ltext5                 text5        000000
__Ltext6                 text6        000000
__Ltext7                 text7        000000
__Ltext8                 text8        000000
__Ltext9                 text9        000000
__S0                     (abs)        002154
__S1                     (abs)        0000DD
__S2                     (abs)        000000
__S4                     (abs)        000000
__S5                     (abs)        000000
___aldiv                 text20       0017DE
___aldiv@counter         cstackCOMRAM 00000A
___aldiv@dividend        cstackCOMRAM 000002
___aldiv@divisor         cstackCOMRAM 000006
___aldiv@quotient        cstackCOMRAM 00000C
___aldiv@sign            cstackCOMRAM 00000B
___aodiv                 text17       0014F2
___aodiv@counter         cstackCOMRAM 000012
___aodiv@dividend        cstackCOMRAM 000002
___aodiv@divisor         cstackCOMRAM 00000A
___aodiv@quotient        cstackCOMRAM 000014
___aodiv@sign            cstackCOMRAM 000013
___aomod                 text16       00167A
___aomod@counter         cstackCOMRAM 000012
___aomod@dividend        cstackCOMRAM 000002
___aomod@divisor         cstackCOMRAM 00000A
___aomod@sign            cstackCOMRAM 000013
___inthi_sp              stack        000000
___intlo_sp              stack        000000
___param_bank            (abs)        000000
___rparam_used           (abs)        000001
___sp                    stack        000000
__accesstop              (abs)        000060
__activetblptr           (abs)        000002
__end_of_Giro_IN         text31       0020EE
__end_of_Giro_OUT        text30       0020BA
__end_of_HORARIO         smallconst   000805
__end_of_INT_isr         intcode_body 00211C
__end_of_InitPort        text29       002144
__end_of_Init_Int        text28       00214E
__end_of_LCD_Cadena      text26       001CA4
__end_of_LCD_Comando     text25       001DBE
__end_of_LCD_Data        text27       001E16
__end_of_LCD_Init        text24       0019C8
__end_of_LCD_gotoXY      text23       001F2C
__end_of_Tx_i            text21       001FE0
__end_of_USART_Init      text19       001BC8
__end_of_USART_RX        text18       001C36
__end_of_USART_TX        text22       002132
__end_of___aldiv         text20       0018EA
__end_of___aodiv         text17       00167A
__end_of___aomod         text16       0017DE
__end_of__initialization cinit        001F5A
__end_of_abs             text15       001EEC
__end_of_dtoa            text9        000F82
__end_of_fputc           text13       001A92
__end_of_fputs           text12       001EAC
__end_of_isalpha         text8        001FA4
__end_of_islower         text6        002018
__end_of_isupper         text7        002050
__end_of_main            text0        000CA0
__end_of_pad             text10       001B58
__end_of_putch           text14       002154
__end_of_sprintf         text1        001E68
__end_of_strlen          text11       002086
__end_of_toupper         text5        001D64
__end_of_vfpfcnvrt       text3        0014F2
__end_of_vfprintf        text2        001D06
__end_of_xtoa            text4        00125A
__initialization         cinit        001F2C
__mediumconst            mediumconst  000000
__pbssBANK0              bssBANK0     000060
__pbssCOMRAM             bssCOMRAM    000058
__pcinit                 cinit        001F2C
__pcstackBANK0           cstackBANK0  0000B6
__pcstackCOMRAM          cstackCOMRAM 000001
__pdataBANK0             dataBANK0    0000D9
__pidataBANK0            idataBANK0   00214E
__pintcode               intcode      000008
__pintcode_body          intcode_body 0020EE
__psmallconst            smallconst   000800
__ptext0                 text0        00087E
__ptext1                 text1        001E16
__ptext10                text10       001A92
__ptext11                text11       002050
__ptext12                text12       001E68
__ptext13                text13       0019C8
__ptext14                text14       002152
__ptext15                text15       001EAC
__ptext16                text16       00167A
__ptext17                text17       0014F2
__ptext18                text18       001BC8
__ptext19                text19       001B58
__ptext2                 text2        001CA4
__ptext20                text20       0017DE
__ptext21                text21       001FA4
__ptext22                text22       00211C
__ptext23                text23       001EEC
__ptext24                text24       0018EA
__ptext25                text25       001D64
__ptext26                text26       001C36
__ptext27                text27       001DBE
__ptext28                text28       002144
__ptext29                text29       002132
__ptext3                 text3        00125A
__ptext30                text30       002086
__ptext31                text31       0020BA
__ptext4                 text4        000F82
__ptext5                 text5        001D06
__ptext6                 text6        001FE0
__ptext7                 text7        002018
__ptext8                 text8        001F68
__ptext9                 text9        000CA0
__ramtop                 ramtop       000800
__size_of_Giro_IN        (abs)        000000
__size_of_Giro_OUT       (abs)        000000
__size_of_INT_isr        (abs)        000000
__size_of_InitPort       (abs)        000000
__size_of_Init_Int       (abs)        000000
__size_of_LCD_Cadena     (abs)        000000
__size_of_LCD_Comando    (abs)        000000
__size_of_LCD_Data       (abs)        000000
__size_of_LCD_Init       (abs)        000000
__size_of_LCD_gotoXY     (abs)        000000
__size_of_Tx_i           (abs)        000000
__size_of_USART_Init     (abs)        000000
__size_of_USART_RX       (abs)        000000
__size_of_USART_TX       (abs)        000000
__size_of___aldiv        (abs)        000000
__size_of___aodiv        (abs)        000000
__size_of___aomod        (abs)        000000
__size_of_abs            (abs)        000000
__size_of_dtoa           (abs)        000000
__size_of_fputc          (abs)        000000
__size_of_fputs          (abs)        000000
__size_of_isalpha        (abs)        000000
__size_of_islower        (abs)        000000
__size_of_isupper        (abs)        000000
__size_of_main           (abs)        000000
__size_of_pad            (abs)        000000
__size_of_putch          (abs)        000000
__size_of_sprintf        (abs)        000000
__size_of_strlen         (abs)        000000
__size_of_toupper        (abs)        000000
__size_of_vfpfcnvrt      (abs)        000000
__size_of_vfprintf       (abs)        000000
__size_of_xtoa           (abs)        000000
__smallconst             smallconst   000800
_abs                     text15       001EAC
_aux                     bssBANK0     00006A
_cod1                    dataBANK0    0000D9
_codigo_aula             bssBANK0     00006B
_cont                    bssBANK0     0000AC
_dbuf                    bssBANK0     00006C
_dtoa                    text9        000CA0
_dtoa$1292               cstackCOMRAM 00002F
_flags                   bssBANK0     000066
_fputc                   text13       0019C8
_fputs                   text12       001E68
_i                       bssCOMRAM    000058
_isalpha                 text8        001F68
_islower                 text6        001FE0
_isupper                 text7        002018
_main                    text0        00087E
_motor                   bssBANK0     000069
_nout                    bssBANK0     000060
_pad                     text10       001A92
_prec                    bssBANK0     000064
_putch                   text14       002152
_sprintf                 text1        001E16
_strlen                  text11       002050
_texto                   bssBANK0     00008C
_toupper                 text5        001D06
_toupper$1388            cstackCOMRAM 00000E
_vfpfcnvrt               text3        00125A
_vfprintf                text2        001CA4
_width                   bssBANK0     000062
_xtoa                    text4        000F82
_xtoa$1303               cstackCOMRAM 000030
_xtoa$1304               cstackCOMRAM 000032
abs@a                    cstackCOMRAM 000014
btemp                    temp         000059
dtoa@d                   cstackCOMRAM 00001F
dtoa@fp                  cstackCOMRAM 00001D
dtoa@i                   cstackCOMRAM 00003F
dtoa@n                   cstackCOMRAM 000037
dtoa@p                   cstackCOMRAM 000031
dtoa@s                   cstackCOMRAM 000035
dtoa@w                   cstackCOMRAM 000033
end_of_initialization    cinit        001F5A
fputc@c                  cstackCOMRAM 000002
fputc@fp                 cstackCOMRAM 000004
fputs@c                  cstackCOMRAM 00000F
fputs@fp                 cstackCOMRAM 00000D
fputs@i                  cstackCOMRAM 000010
fputs@s                  cstackCOMRAM 00000B
int$flags                temp         000059
int_func                 intcode_body 0020EE
intlevel0                text         000000
intlevel1                text         000000
intlevel2                text         000000
intlevel3                text         000000
isalpha@c                cstackCOMRAM 000002
islower@c                cstackCOMRAM 000002
isupper@c                cstackCOMRAM 000002
pad@buf                  cstackCOMRAM 000014
pad@fp                   cstackCOMRAM 000012
pad@i                    cstackCOMRAM 000019
pad@p                    cstackCOMRAM 000016
pad@w                    cstackCOMRAM 00001B
sprintf@ap               cstackBANK0  0000D1
sprintf@f                cstackBANK0  0000D3
sprintf@fmt              cstackBANK0  0000C9
sprintf@s                cstackBANK0  0000C7
stackhi                  (abs)        0007FF
stacklo                  (abs)        0000DD
start                    init         00000E
start_initialization     cinit        001F2C
strlen@a                 cstackCOMRAM 000004
strlen@s                 cstackCOMRAM 000002
toupper@c                cstackCOMRAM 000008
ttemp5                   temp         00005A
ttemp6                   temp         00005D
ttemp7                   temp         000061
vfpfcnvrt@ap             cstackCOMRAM 000048
vfpfcnvrt@c              cstackBANK0  0000C6
vfpfcnvrt@fmt            cstackCOMRAM 000046
vfpfcnvrt@fp             cstackCOMRAM 000044
vfpfcnvrt@ll             cstackBANK0  0000B6
vfpfcnvrt@llu            cstackBANK0  0000BE
vfprintf@ap              cstackCOMRAM 000052
vfprintf@cfmt            cstackCOMRAM 000054
vfprintf@fmt             cstackCOMRAM 000050
vfprintf@fp              cstackCOMRAM 00004E
wtemp8                   temp         00005A
xtoa@c                   cstackCOMRAM 000042
xtoa@d                   cstackCOMRAM 00001F
xtoa@fp                  cstackCOMRAM 00001D
xtoa@i                   cstackCOMRAM 000040
xtoa@n                   cstackCOMRAM 000038
xtoa@p                   cstackCOMRAM 000034
xtoa@w                   cstackCOMRAM 000036
xtoa@x                   cstackCOMRAM 000027


FUNCTION INFORMATION:

 *************** function _main *****************
 Defined at:
		line 72 in file "main.c"
 Parameters:    Size  Location     Type
		None
 Auto vars:     Size  Location     Type
		None
 Return value:  Size  Location     Type
                  1    wreg      void 
 Registers used:
		wreg, fsr1l, fsr1h, fsr2l, fsr2h, status,2, status,0, tblptrl, tblptrh, tblptru, cstack
 Tracked objects:
		On entry : 
		On exit  : 
		Unchanged: 
 Data sizes:     COMRAM   BANK0   BANK1   BANK2   BANK3   BANK4   BANK5   BANK6   BANK7
      Params:         0       0       0       0       0       0       0       0       0
      Locals:         0       0       0       0       0       0       0       0       0
      Temps:          2       0       0       0       0       0       0       0       0
      Totals:         2       0       0       0       0       0       0       0       0
Total ram usage:        2 bytes
 Hardware stack levels required when called:    9
 This function calls:
		_Giro_IN
		_Giro_OUT
		_InitPort
		_Init_Int
		_LCD_Cadena
		_LCD_Comando
		_LCD_Init
		_LCD_gotoXY
		_Tx_i
		_USART_Init
		_USART_RX
		_sprintf
 This function is called by:
		Startup code after reset
 This function uses a non-reentrant model


 *************** function _sprintf *****************
 Defined at:
		line 9 in file "C:\Program Files\Microchip\xc8\v2.20\pic\sources\c99\common\nf_sprintf.c"
 Parameters:    Size  Location     Type
  s               2   17[BANK0 ] PTR unsigned char 
		 -> cont(10), texto(32), 
  fmt             2   19[BANK0 ] PTR const unsigned char 
		 -> STR_8(9), STR_7(11), STR_5(9), STR_4(11), 
 Auto vars:     Size  Location     Type
  f               6   29[BANK0 ] struct _IO_FILE
  ap              2   27[BANK0 ] PTR void [1]
		 -> ?_sprintf(2), 
  ret             2    0        int 
 Return value:  Size  Location     Type
                  2   17[BANK0 ] int 
 Registers used:
		wreg, fsr1l, fsr1h, fsr2l, fsr2h, status,2, status,0, tblptrl, tblptrh, tblptru, cstack
 Tracked objects:
		On entry : 
		On exit  : 
		Unchanged: 
 Data sizes:     COMRAM   BANK0   BANK1   BANK2   BANK3   BANK4   BANK5   BANK6   BANK7
      Params:         0       8       0       0       0       0       0       0       0
      Locals:         0      10       0       0       0       0       0       0       0
      Temps:          0       0       0       0       0       0       0       0       0
      Totals:         0      18       0       0       0       0       0       0       0
Total ram usage:       18 bytes
 Hardware stack levels used:    1
 Hardware stack levels required when called:    8
 This function calls:
		_vfprintf
 This function is called by:
		_main
 This function uses a non-reentrant model


 *************** function _vfprintf *****************
 Defined at:
		line 1368 in file "C:\Program Files\Microchip\xc8\v2.20\pic\sources\c99\common\doprnt.c"
 Parameters:    Size  Location     Type
  fp              2   77[COMRAM] PTR struct _IO_FILE
		 -> sprintf@f(6), 
  fmt             2   79[COMRAM] PTR const unsigned char 
		 -> STR_8(9), STR_7(11), STR_5(9), STR_4(11), 
  ap              2   81[COMRAM] PTR PTR void 
		 -> sprintf@ap(2), 
 Auto vars:     Size  Location     Type
  cfmt            2   83[COMRAM] PTR unsigned char 
		 -> STR_8(9), STR_7(11), STR_5(9), STR_4(11), 
 Return value:  Size  Location     Type
                  2   77[COMRAM] int 
 Registers used:
		wreg, fsr1l, fsr1h, fsr2l, fsr2h, status,2, status,0, tblptrl, tblptrh, tblptru, cstack
 Tracked objects:
		On entry : 
		On exit  : 
		Unchanged: 
 Data sizes:     COMRAM   BANK0   BANK1   BANK2   BANK3   BANK4   BANK5   BANK6   BANK7
      Params:         6       0       0       0       0       0       0       0       0
      Locals:         2       0       0       0       0       0       0       0       0
      Temps:          0       0       0       0       0       0       0       0       0
      Totals:         8       0       0       0       0       0       0       0       0
Total ram usage:        8 bytes
 Hardware stack levels used:    1
 Hardware stack levels required when called:    7
 This function calls:
		_vfpfcnvrt
 This function is called by:
		_sprintf
 This function uses a non-reentrant model


 *************** function _vfpfcnvrt *****************
 Defined at:
		line 670 in file "C:\Program Files\Microchip\xc8\v2.20\pic\sources\c99\common\doprnt.c"
 Parameters:    Size  Location     Type
  fp              2   67[COMRAM] PTR struct _IO_FILE
		 -> sprintf@f(6), 
  fmt             2   69[COMRAM] PTR PTR unsigned char 
		 -> vfprintf@cfmt(2), 
  ap              2   71[COMRAM] PTR PTR void 
		 -> sprintf@ap(2), 
 Auto vars:     Size  Location     Type
  llu             8    8[BANK0 ] unsigned long long 
  ll              8    0[BANK0 ] long long 
  f               4    0        long long 
  vp              3    0        PTR void 
  ct              3    0        unsigned char [3]
  cp              3    0        PTR unsigned char 
  i               2    0        int 
  done            2    0        int 
  c               1   16[BANK0 ] unsigned char 
 Return value:  Size  Location     Type
                  2   67[COMRAM] int 
 Registers used:
		wreg, fsr1l, fsr1h, fsr2l, fsr2h, status,2, status,0, tblptrl, tblptrh, tblptru, cstack
 Tracked objects:
		On entry : 
		On exit  : 
		Unchanged: 
 Data sizes:     COMRAM   BANK0   BANK1   BANK2   BANK3   BANK4   BANK5   BANK6   BANK7
      Params:         6       0       0       0       0       0       0       0       0
      Locals:         0      17       0       0       0       0       0       0       0
      Temps:          4       0       0       0       0       0       0       0       0
      Totals:        10      17       0       0       0       0       0       0       0
Total ram usage:       27 bytes
 Hardware stack levels used:    1
 Hardware stack levels required when called:    6
 This function calls:
		_dtoa
		_fputc
		_xtoa
 This function is called by:
		_vfprintf
 This function uses a non-reentrant model


 *************** function _xtoa *****************
 Defined at:
		line 623 in file "C:\Program Files\Microchip\xc8\v2.20\pic\sources\c99\common\doprnt.c"
 Parameters:    Size  Location     Type
  fp              2   28[COMRAM] PTR struct _IO_FILE
		 -> sprintf@f(6), 
  d               8   30[COMRAM] unsigned long long 
  x               1   38[COMRAM] unsigned char 
 Auto vars:     Size  Location     Type
  n               8   55[COMRAM] unsigned long long 
  c               2   65[COMRAM] int 
  i               2   63[COMRAM] int 
  w               2   53[COMRAM] int 
  p               2   51[COMRAM] int 
 Return value:  Size  Location     Type
                  2   28[COMRAM] int 
 Registers used:
		wreg, fsr1l, fsr1h, fsr2l, fsr2h, status,2, status,0, cstack
 Tracked objects:
		On entry : 
		On exit  : 
		Unchanged: 
 Data sizes:     COMRAM   BANK0   BANK1   BANK2   BANK3   BANK4   BANK5   BANK6   BANK7
      Params:        11       0       0       0       0       0       0       0       0
      Locals:        20       0       0       0       0       0       0       0       0
      Temps:          8       0       0       0       0       0       0       0       0
      Totals:        39       0       0       0       0       0       0       0       0
Total ram usage:       39 bytes
 Hardware stack levels used:    1
 Hardware stack levels required when called:    5
 This function calls:
		_isalpha
		_isupper
		_pad
		_toupper
 This function is called by:
		_vfpfcnvrt
 This function uses a non-reentrant model


 *************** function _toupper *****************
 Defined at:
		line 4 in file "C:\Program Files\Microchip\xc8\v2.20\pic\sources\c99\common\toupper.c"
 Parameters:    Size  Location     Type
  c               2    7[COMRAM] int 
 Auto vars:     Size  Location     Type
		None
 Return value:  Size  Location     Type
                  2    7[COMRAM] int 
 Registers used:
		wreg, status,2, status,0
 Tracked objects:
		On entry : 
		On exit  : 
		Unchanged: 
 Data sizes:     COMRAM   BANK0   BANK1   BANK2   BANK3   BANK4   BANK5   BANK6   BANK7
      Params:         2       0       0       0       0       0       0       0       0
      Locals:         2       0       0       0       0       0       0       0       0
      Temps:          4       0       0       0       0       0       0       0       0
      Totals:         8       0       0       0       0       0       0       0       0
Total ram usage:        8 bytes
 Hardware stack levels used:    1
 Hardware stack levels required when called:    2
 This function calls:
		_islower
 This function is called by:
		_xtoa
 This function uses a non-reentrant model


 *************** function _islower *****************
 Defined at:
		line 5 in file "C:\Program Files\Microchip\xc8\v2.20\pic\sources\c99\common\islower.c"
 Parameters:    Size  Location     Type
  c               2    1[COMRAM] int 
 Auto vars:     Size  Location     Type
		None
 Return value:  Size  Location     Type
                  2    1[COMRAM] int 
 Registers used:
		wreg, status,2, status,0
 Tracked objects:
		On entry : 
		On exit  : 
		Unchanged: 
 Data sizes:     COMRAM   BANK0   BANK1   BANK2   BANK3   BANK4   BANK5   BANK6   BANK7
      Params:         2       0       0       0       0       0       0       0       0
      Locals:         0       0       0       0       0       0       0       0       0
      Temps:          4       0       0       0       0       0       0       0       0
      Totals:         6       0       0       0       0       0       0       0       0
Total ram usage:        6 bytes
 Hardware stack levels used:    1
 Hardware stack levels required when called:    1
 This function calls:
		Nothing
 This function is called by:
		_toupper
 This function uses a non-reentrant model


 *************** function _isupper *****************
 Defined at:
		line 5 in file "C:\Program Files\Microchip\xc8\v2.20\pic\sources\c99\common\isupper.c"
 Parameters:    Size  Location     Type
  c               2    1[COMRAM] int 
 Auto vars:     Size  Location     Type
		None
 Return value:  Size  Location     Type
                  2    1[COMRAM] int 
 Registers used:
		wreg, status,2, status,0
 Tracked objects:
		On entry : 
		On exit  : 
		Unchanged: 
 Data sizes:     COMRAM   BANK0   BANK1   BANK2   BANK3   BANK4   BANK5   BANK6   BANK7
      Params:         2       0       0       0       0       0       0       0       0
      Locals:         0       0       0       0       0       0       0       0       0
      Temps:          4       0       0       0       0       0       0       0       0
      Totals:         6       0       0       0       0       0       0       0       0
Total ram usage:        6 bytes
 Hardware stack levels used:    1
 Hardware stack levels required when called:    1
 This function calls:
		Nothing
 This function is called by:
		_xtoa
 This function uses a non-reentrant model


 *************** function _isalpha *****************
 Defined at:
		line 5 in file "C:\Program Files\Microchip\xc8\v2.20\pic\sources\c99\common\isalpha.c"
 Parameters:    Size  Location     Type
  c               2    1[COMRAM] int 
 Auto vars:     Size  Location     Type
		None
 Return value:  Size  Location     Type
                  2    1[COMRAM] int 
 Registers used:
		wreg, status,2, status,0
 Tracked objects:
		On entry : 
		On exit  : 
		Unchanged: 
 Data sizes:     COMRAM   BANK0   BANK1   BANK2   BANK3   BANK4   BANK5   BANK6   BANK7
      Params:         2       0       0       0       0       0       0       0       0
      Locals:         0       0       0       0       0       0       0       0       0
      Temps:          4       0       0       0       0       0       0       0       0
      Totals:         6       0       0       0       0       0       0       0       0
Total ram usage:        6 bytes
 Hardware stack levels used:    1
 Hardware stack levels required when called:    1
 This function calls:
		Nothing
 This function is called by:
		_xtoa
 This function uses a non-reentrant model


 *************** function _dtoa *****************
 Defined at:
		line 274 in file "C:\Program Files\Microchip\xc8\v2.20\pic\sources\c99\common\doprnt.c"
 Parameters:    Size  Location     Type
  fp              2   28[COMRAM] PTR struct _IO_FILE
		 -> sprintf@f(6), 
  d               8   30[COMRAM] long long 
 Auto vars:     Size  Location     Type
  n               8   54[COMRAM] long long 
  i               2   62[COMRAM] int 
  s               2   52[COMRAM] int 
  w               2   50[COMRAM] int 
  p               2   48[COMRAM] int 
 Return value:  Size  Location     Type
                  2   28[COMRAM] int 
 Registers used:
		wreg, fsr1l, fsr1h, fsr2l, fsr2h, status,2, status,0, cstack
 Tracked objects:
		On entry : 
		On exit  : 
		Unchanged: 
 Data sizes:     COMRAM   BANK0   BANK1   BANK2   BANK3   BANK4   BANK5   BANK6   BANK7
      Params:        10       0       0       0       0       0       0       0       0
      Locals:        18       0       0       0       0       0       0       0       0
      Temps:          8       0       0       0       0       0       0       0       0
      Totals:        36       0       0       0       0       0       0       0       0
Total ram usage:       36 bytes
 Hardware stack levels used:    1
 Hardware stack levels required when called:    5
 This function calls:
		___aodiv
		___aomod
		_abs
		_pad
 This function is called by:
		_vfpfcnvrt
 This function uses a non-reentrant model


 *************** function _pad *****************
 Defined at:
		line 72 in file "C:\Program Files\Microchip\xc8\v2.20\pic\sources\c99\common\doprnt.c"
 Parameters:    Size  Location     Type
  fp              2   17[COMRAM] PTR struct _IO_FILE
		 -> sprintf@f(6), 
  buf             2   19[COMRAM] PTR unsigned char 
		 -> dbuf(32), 
  p               2   21[COMRAM] int 
 Auto vars:     Size  Location     Type
  w               2   26[COMRAM] int 
  i               2   24[COMRAM] int 
 Return value:  Size  Location     Type
                  2   17[COMRAM] int 
 Registers used:
		wreg, fsr1l, fsr1h, fsr2l, fsr2h, status,2, status,0, cstack
 Tracked objects:
		On entry : 
		On exit  : 
		Unchanged: 
 Data sizes:     COMRAM   BANK0   BANK1   BANK2   BANK3   BANK4   BANK5   BANK6   BANK7
      Params:         6       0       0       0       0       0       0       0       0
      Locals:         4       0       0       0       0       0       0       0       0
      Temps:          1       0       0       0       0       0       0       0       0
      Totals:        11       0       0       0       0       0       0       0       0
Total ram usage:       11 bytes
 Hardware stack levels used:    1
 Hardware stack levels required when called:    4
 This function calls:
		_fputc
		_fputs
		_strlen
 This function is called by:
		_dtoa
		_xtoa
 This function uses a non-reentrant model


 *************** function _strlen *****************
 Defined at:
		line 5 in file "C:\Program Files\Microchip\xc8\v2.20\pic\sources\c99\common\strlen.c"
 Parameters:    Size  Location     Type
  s               2    1[COMRAM] PTR const unsigned char 
		 -> dbuf(32), 
 Auto vars:     Size  Location     Type
  a               2    3[COMRAM] PTR const unsigned char 
		 -> dbuf(32), 
 Return value:  Size  Location     Type
                  2    1[COMRAM] unsigned int 
 Registers used:
		wreg, fsr2l, fsr2h, status,2, status,0
 Tracked objects:
		On entry : 
		On exit  : 
		Unchanged: 
 Data sizes:     COMRAM   BANK0   BANK1   BANK2   BANK3   BANK4   BANK5   BANK6   BANK7
      Params:         2       0       0       0       0       0       0       0       0
      Locals:         2       0       0       0       0       0       0       0       0
      Temps:          0       0       0       0       0       0       0       0       0
      Totals:         4       0       0       0       0       0       0       0       0
Total ram usage:        4 bytes
 Hardware stack levels used:    1
 Hardware stack levels required when called:    1
 This function calls:
		Nothing
 This function is called by:
		_pad
 This function uses a non-reentrant model


 *************** function _fputs *****************
 Defined at:
		line 8 in file "C:\Program Files\Microchip\xc8\v2.20\pic\sources\c99\common\nf_fputs.c"
 Parameters:    Size  Location     Type
  s               2   10[COMRAM] PTR const unsigned char 
		 -> dbuf(32), 
  fp              2   12[COMRAM] PTR struct _IO_FILE
		 -> sprintf@f(6), 
 Auto vars:     Size  Location     Type
  i               2   15[COMRAM] int 
  c               1   14[COMRAM] unsigned char 
 Return value:  Size  Location     Type
                  2   10[COMRAM] int 
 Registers used:
		wreg, fsr1l, fsr1h, fsr2l, fsr2h, status,2, status,0, cstack
 Tracked objects:
		On entry : 
		On exit  : 
		Unchanged: 
 Data sizes:     COMRAM   BANK0   BANK1   BANK2   BANK3   BANK4   BANK5   BANK6   BANK7
      Params:         4       0       0       0       0       0       0       0       0
      Locals:         3       0       0       0       0       0       0       0       0
      Temps:          0       0       0       0       0       0       0       0       0
      Totals:         7       0       0       0       0       0       0       0       0
Total ram usage:        7 bytes
 Hardware stack levels used:    1
 Hardware stack levels required when called:    3
 This function calls:
		_fputc
 This function is called by:
		_pad
 This function uses a non-reentrant model


 *************** function _fputc *****************
 Defined at:
		line 8 in file "C:\Program Files\Microchip\xc8\v2.20\pic\sources\c99\common\nf_fputc.c"
 Parameters:    Size  Location     Type
  c               2    1[COMRAM] int 
  fp              2    3[COMRAM] PTR struct _IO_FILE
		 -> sprintf@f(6), 
 Auto vars:     Size  Location     Type
		None
 Return value:  Size  Location     Type
                  2    1[COMRAM] int 
 Registers used:
		wreg, fsr1l, fsr1h, fsr2l, fsr2h, status,2, status,0, cstack
 Tracked objects:
		On entry : 
		On exit  : 
		Unchanged: 
 Data sizes:     COMRAM   BANK0   BANK1   BANK2   BANK3   BANK4   BANK5   BANK6   BANK7
      Params:         4       0       0       0       0       0       0       0       0
      Locals:         0       0       0       0       0       0       0       0       0
      Temps:          5       0       0       0       0       0       0       0       0
      Totals:         9       0       0       0       0       0       0       0       0
Total ram usage:        9 bytes
 Hardware stack levels used:    1
 Hardware stack levels required when called:    2
 This function calls:
		_putch
 This function is called by:
		_pad
		_vfpfcnvrt
		_fputs
 This function uses a non-reentrant model


 *************** function _putch *****************
 Defined at:
		line 7 in file "C:\Program Files\Microchip\xc8\v2.20\pic\sources\c99\common\putch.c"
 Parameters:    Size  Location     Type
  c               1    wreg     unsigned char 
 Auto vars:     Size  Location     Type
  c               1    0[COMRAM] unsigned char 
 Return value:  Size  Location     Type
                  1    wreg      void 
 Registers used:
		wreg
 Tracked objects:
		On entry : 
		On exit  : 
		Unchanged: 
 Data sizes:     COMRAM   BANK0   BANK1   BANK2   BANK3   BANK4   BANK5   BANK6   BANK7
      Params:         0       0       0       0       0       0       0       0       0
      Locals:         0       0       0       0       0       0       0       0       0
      Temps:          0       0       0       0       0       0       0       0       0
      Totals:         0       0       0       0       0       0       0       0       0
Total ram usage:        0 bytes
 Hardware stack levels used:    1
 Hardware stack levels required when called:    1
 This function calls:
		Nothing
 This function is called by:
		_fputc
 This function uses a non-reentrant model


 *************** function _abs *****************
 Defined at:
		line 1 in file "C:\Program Files\Microchip\xc8\v2.20\pic\sources\c99\common\abs.c"
 Parameters:    Size  Location     Type
  a               2   19[COMRAM] int 
 Auto vars:     Size  Location     Type
		None
 Return value:  Size  Location     Type
                  2   19[COMRAM] int 
 Registers used:
		wreg, status,2, status,0
 Tracked objects:
		On entry : 
		On exit  : 
		Unchanged: 
 Data sizes:     COMRAM   BANK0   BANK1   BANK2   BANK3   BANK4   BANK5   BANK6   BANK7
      Params:         2       0       0       0       0       0       0       0       0
      Locals:         0       0       0       0       0       0       0       0       0
      Temps:          2       0       0       0       0       0       0       0       0
      Totals:         4       0       0       0       0       0       0       0       0
Total ram usage:        4 bytes
 Hardware stack levels used:    1
 Hardware stack levels required when called:    1
 This function calls:
		Nothing
 This function is called by:
		_dtoa
 This function uses a non-reentrant model


 *************** function ___aomod *****************
 Defined at:
		line 9 in file "C:\Program Files\Microchip\xc8\v2.20\pic\sources\c99\common\aomod.c"
 Parameters:    Size  Location     Type
  dividend        8    1[COMRAM] long long 
  divisor         8    9[COMRAM] long long 
 Auto vars:     Size  Location     Type
  sign            1   18[COMRAM] unsigned char 
  counter         1   17[COMRAM] unsigned char 
 Return value:  Size  Location     Type
                  8    1[COMRAM] long long 
 Registers used:
		wreg, status,2, status,0
 Tracked objects:
		On entry : 
		On exit  : 
		Unchanged: 
 Data sizes:     COMRAM   BANK0   BANK1   BANK2   BANK3   BANK4   BANK5   BANK6   BANK7
      Params:        16       0       0       0       0       0       0       0       0
      Locals:         2       0       0       0       0       0       0       0       0
      Temps:          0       0       0       0       0       0       0       0       0
      Totals:        18       0       0       0       0       0       0       0       0
Total ram usage:       18 bytes
 Hardware stack levels used:    1
 Hardware stack levels required when called:    1
 This function calls:
		Nothing
 This function is called by:
		_dtoa
 This function uses a non-reentrant model


 *************** function ___aodiv *****************
 Defined at:
		line 9 in file "C:\Program Files\Microchip\xc8\v2.20\pic\sources\c99\common\aodiv.c"
 Parameters:    Size  Location     Type
  dividend        8    1[COMRAM] long long 
  divisor         8    9[COMRAM] long long 
 Auto vars:     Size  Location     Type
  quotient        8   19[COMRAM] long long 
  sign            1   18[COMRAM] unsigned char 
  counter         1   17[COMRAM] unsigned char 
 Return value:  Size  Location     Type
                  8    1[COMRAM] long long 
 Registers used:
		wreg, fsr2l, fsr2h, status,2, status,0
 Tracked objects:
		On entry : 
		On exit  : 
		Unchanged: 
 Data sizes:     COMRAM   BANK0   BANK1   BANK2   BANK3   BANK4   BANK5   BANK6   BANK7
      Params:        16       0       0       0       0       0       0       0       0
      Locals:        10       0       0       0       0       0       0       0       0
      Temps:          0       0       0       0       0       0       0       0       0
      Totals:        26       0       0       0       0       0       0       0       0
Total ram usage:       26 bytes
 Hardware stack levels used:    1
 Hardware stack levels required when called:    1
 This function calls:
		Nothing
 This function is called by:
		_dtoa
 This function uses a non-reentrant model


 *************** function _USART_RX *****************
 Defined at:
		line 35 in file "lib_USART.c"
 Parameters:    Size  Location     Type
		None
 Auto vars:     Size  Location     Type
		None
 Return value:  Size  Location     Type
                  1    wreg      unsigned char 
 Registers used:
		wreg, status,2, status,0
 Tracked objects:
		On entry : 
		On exit  : 
		Unchanged: 
 Data sizes:     COMRAM   BANK0   BANK1   BANK2   BANK3   BANK4   BANK5   BANK6   BANK7
      Params:         0       0       0       0       0       0       0       0       0
      Locals:         0       0       0       0       0       0       0       0       0
      Temps:          8       0       0       0       0       0       0       0       0
      Totals:         8       0       0       0       0       0       0       0       0
Total ram usage:        8 bytes
 Hardware stack levels used:    1
 Hardware stack levels required when called:    1
 This function calls:
		Nothing
 This function is called by:
		_main
 This function uses a non-reentrant model


 *************** function _USART_Init *****************
 Defined at:
		line 7 in file "lib_USART.c"
 Parameters:    Size  Location     Type
  BAUD            4   15[COMRAM] long 
 Auto vars:     Size  Location     Type
		None
 Return value:  Size  Location     Type
                  1    wreg      void 
 Registers used:
		wreg, status,2, status,0, cstack
 Tracked objects:
		On entry : 
		On exit  : 
		Unchanged: 
 Data sizes:     COMRAM   BANK0   BANK1   BANK2   BANK3   BANK4   BANK5   BANK6   BANK7
      Params:         4       0       0       0       0       0       0       0       0
      Locals:         4       0       0       0       0       0       0       0       0
      Temps:          0       0       0       0       0       0       0       0       0
      Totals:         8       0       0       0       0       0       0       0       0
Total ram usage:        8 bytes
 Hardware stack levels used:    1
 Hardware stack levels required when called:    2
 This function calls:
		___aldiv
 This function is called by:
		_main
 This function uses a non-reentrant model


 *************** function ___aldiv *****************
 Defined at:
		line 7 in file "C:\Program Files\Microchip\xc8\v2.20\pic\sources\c99\common\aldiv.c"
 Parameters:    Size  Location     Type
  dividend        4    1[COMRAM] long 
  divisor         4    5[COMRAM] long 
 Auto vars:     Size  Location     Type
  quotient        4   11[COMRAM] long 
  sign            1   10[COMRAM] unsigned char 
  counter         1    9[COMRAM] unsigned char 
 Return value:  Size  Location     Type
                  4    1[COMRAM] long 
 Registers used:
		wreg, status,2, status,0
 Tracked objects:
		On entry : 
		On exit  : 
		Unchanged: 
 Data sizes:     COMRAM   BANK0   BANK1   BANK2   BANK3   BANK4   BANK5   BANK6   BANK7
      Params:         8       0       0       0       0       0       0       0       0
      Locals:         6       0       0       0       0       0       0       0       0
      Temps:          0       0       0       0       0       0       0       0       0
      Totals:        14       0       0       0       0       0       0       0       0
Total ram usage:       14 bytes
 Hardware stack levels used:    1
 Hardware stack levels required when called:    1
 This function calls:
		Nothing
 This function is called by:
		_USART_Init
 This function uses a non-reentrant model


 *************** function _Tx_i *****************
 Defined at:
		line 177 in file "main.c"
 Parameters:    Size  Location     Type
		None
 Auto vars:     Size  Location     Type
		None
 Return value:  Size  Location     Type
                  1    wreg      void 
 Registers used:
		wreg, status,2, status,0, cstack
 Tracked objects:
		On entry : 
		On exit  : 
		Unchanged: 
 Data sizes:     COMRAM   BANK0   BANK1   BANK2   BANK3   BANK4   BANK5   BANK6   BANK7
      Params:         0       0       0       0       0       0       0       0       0
      Locals:         0       0       0       0       0       0       0       0       0
      Temps:          2       0       0       0       0       0       0       0       0
      Totals:         2       0       0       0       0       0       0       0       0
Total ram usage:        2 bytes
 Hardware stack levels used:    1
 Hardware stack levels required when called:    2
 This function calls:
		_USART_TX
 This function is called by:
		_main
 This function uses a non-reentrant model


 *************** function _USART_TX *****************
 Defined at:
		line 30 in file "lib_USART.c"
 Parameters:    Size  Location     Type
  data            1    wreg     unsigned char 
 Auto vars:     Size  Location     Type
  data            1    1[COMRAM] unsigned char 
 Return value:  Size  Location     Type
                  1    wreg      void 
 Registers used:
		wreg
 Tracked objects:
		On entry : 
		On exit  : 
		Unchanged: 
 Data sizes:     COMRAM   BANK0   BANK1   BANK2   BANK3   BANK4   BANK5   BANK6   BANK7
      Params:         0       0       0       0       0       0       0       0       0
      Locals:         1       0       0       0       0       0       0       0       0
      Temps:          0       0       0       0       0       0       0       0       0
      Totals:         1       0       0       0       0       0       0       0       0
Total ram usage:        1 bytes
 Hardware stack levels used:    1
 Hardware stack levels required when called:    1
 This function calls:
		Nothing
 This function is called by:
		_Tx_i
 This function uses a non-reentrant model


 *************** function _LCD_gotoXY *****************
 Defined at:
		line 87 in file "MiLCD.c"
 Parameters:    Size  Location     Type
  x               2    3[COMRAM] int 
  y               2    5[COMRAM] int 
 Auto vars:     Size  Location     Type
		None
 Return value:  Size  Location     Type
                  1    wreg      void 
 Registers used:
		wreg, status,2, status,0, cstack
 Tracked objects:
		On entry : 
		On exit  : 
		Unchanged: 
 Data sizes:     COMRAM   BANK0   BANK1   BANK2   BANK3   BANK4   BANK5   BANK6   BANK7
      Params:         4       0       0       0       0       0       0       0       0
      Locals:         0       0       0       0       0       0       0       0       0
      Temps:          1       0       0       0       0       0       0       0       0
      Totals:         5       0       0       0       0       0       0       0       0
Total ram usage:        5 bytes
 Hardware stack levels used:    1
 Hardware stack levels required when called:    2
 This function calls:
		_LCD_Comando
 This function is called by:
		_main
 This function uses a non-reentrant model


 *************** function _LCD_Init *****************
 Defined at:
		line 18 in file "MiLCD.c"
 Parameters:    Size  Location     Type
		None
 Auto vars:     Size  Location     Type
		None
 Return value:  Size  Location     Type
                  1    wreg      void 
 Registers used:
		wreg, status,2, status,0, cstack
 Tracked objects:
		On entry : 
		On exit  : 
		Unchanged: 
 Data sizes:     COMRAM   BANK0   BANK1   BANK2   BANK3   BANK4   BANK5   BANK6   BANK7
      Params:         0       0       0       0       0       0       0       0       0
      Locals:         0       0       0       0       0       0       0       0       0
      Temps:          1       0       0       0       0       0       0       0       0
      Totals:         1       0       0       0       0       0       0       0       0
Total ram usage:        1 bytes
 Hardware stack levels used:    1
 Hardware stack levels required when called:    2
 This function calls:
		_LCD_Comando
 This function is called by:
		_main
 This function uses a non-reentrant model


 *************** function _LCD_Comando *****************
 Defined at:
		line 54 in file "MiLCD.c"
 Parameters:    Size  Location     Type
  cmd             1    wreg     unsigned char 
 Auto vars:     Size  Location     Type
  cmd             1    2[COMRAM] unsigned char 
 Return value:  Size  Location     Type
                  1    wreg      void 
 Registers used:
		wreg, status,2, status,0
 Tracked objects:
		On entry : 
		On exit  : 
		Unchanged: 
 Data sizes:     COMRAM   BANK0   BANK1   BANK2   BANK3   BANK4   BANK5   BANK6   BANK7
      Params:         0       0       0       0       0       0       0       0       0
      Locals:         1       0       0       0       0       0       0       0       0
      Temps:          1       0       0       0       0       0       0       0       0
      Totals:         2       0       0       0       0       0       0       0       0
Total ram usage:        2 bytes
 Hardware stack levels used:    1
 Hardware stack levels required when called:    1
 This function calls:
		Nothing
 This function is called by:
		_main
		_LCD_Init
		_LCD_gotoXY
 This function uses a non-reentrant model


 *************** function _LCD_Cadena *****************
 Defined at:
		line 101 in file "MiLCD.c"
 Parameters:    Size  Location     Type
  dato            2    3[COMRAM] PTR const unsigned char 
		 -> STR_11(17), STR_10(17), STR_9(17), STR_6(16), 
		 -> cont(10), texto(32), STR_3(16), STR_2(16), 
		 -> STR_1(17), 
 Auto vars:     Size  Location     Type
		None
 Return value:  Size  Location     Type
                  1    wreg      void 
 Registers used:
		wreg, fsr1l, fsr1h, status,2, status,0, tblptrl, tblptrh, tblptru, cstack
 Tracked objects:
		On entry : 
		On exit  : 
		Unchanged: 
 Data sizes:     COMRAM   BANK0   BANK1   BANK2   BANK3   BANK4   BANK5   BANK6   BANK7
      Params:         2       0       0       0       0       0       0       0       0
      Locals:         0       0       0       0       0       0       0       0       0
      Temps:          1       0       0       0       0       0       0       0       0
      Totals:         3       0       0       0       0       0       0       0       0
Total ram usage:        3 bytes
 Hardware stack levels used:    1
 Hardware stack levels required when called:    2
 This function calls:
		_LCD_Data
 This function is called by:
		_main
 This function uses a non-reentrant model


 *************** function _LCD_Data *****************
 Defined at:
		line 112 in file "MiLCD.c"
 Parameters:    Size  Location     Type
  data            1    wreg     unsigned char 
 Auto vars:     Size  Location     Type
  data            1    2[COMRAM] unsigned char 
 Return value:  Size  Location     Type
                  1    wreg      void 
 Registers used:
		wreg, status,2, status,0
 Tracked objects:
		On entry : 
		On exit  : 
		Unchanged: 
 Data sizes:     COMRAM   BANK0   BANK1   BANK2   BANK3   BANK4   BANK5   BANK6   BANK7
      Params:         0       0       0       0       0       0       0       0       0
      Locals:         1       0       0       0       0       0       0       0       0
      Temps:          1       0       0       0       0       0       0       0       0
      Totals:         2       0       0       0       0       0       0       0       0
Total ram usage:        2 bytes
 Hardware stack levels used:    1
 Hardware stack levels required when called:    1
 This function calls:
		Nothing
 This function is called by:
		_LCD_Cadena
 This function uses a non-reentrant model


 *************** function _Init_Int *****************
 Defined at:
		line 64 in file "main.c"
 Parameters:    Size  Location     Type
		None
 Auto vars:     Size  Location     Type
		None
 Return value:  Size  Location     Type
                  1    wreg      void 
 Registers used:
		None
 Tracked objects:
		On entry : 
		On exit  : 
		Unchanged: 
 Data sizes:     COMRAM   BANK0   BANK1   BANK2   BANK3   BANK4   BANK5   BANK6   BANK7
      Params:         0       0       0       0       0       0       0       0       0
      Locals:         0       0       0       0       0       0       0       0       0
      Temps:          0       0       0       0       0       0       0       0       0
      Totals:         0       0       0       0       0       0       0       0       0
Total ram usage:        0 bytes
 Hardware stack levels used:    1
 Hardware stack levels required when called:    1
 This function calls:
		Nothing
 This function is called by:
		_main
 This function uses a non-reentrant model


 *************** function _InitPort *****************
 Defined at:
		line 54 in file "main.c"
 Parameters:    Size  Location     Type
		None
 Auto vars:     Size  Location     Type
		None
 Return value:  Size  Location     Type
                  1    wreg      void 
 Registers used:
		wreg, status,2
 Tracked objects:
		On entry : 
		On exit  : 
		Unchanged: 
 Data sizes:     COMRAM   BANK0   BANK1   BANK2   BANK3   BANK4   BANK5   BANK6   BANK7
      Params:         0       0       0       0       0       0       0       0       0
      Locals:         0       0       0       0       0       0       0       0       0
      Temps:          0       0       0       0       0       0       0       0       0
      Totals:         0       0       0       0       0       0       0       0       0
Total ram usage:        0 bytes
 Hardware stack levels used:    1
 Hardware stack levels required when called:    1
 This function calls:
		Nothing
 This function is called by:
		_main
 This function uses a non-reentrant model


 *************** function _Giro_OUT *****************
 Defined at:
		line 210 in file "main.c"
 Parameters:    Size  Location     Type
		None
 Auto vars:     Size  Location     Type
		None
 Return value:  Size  Location     Type
                  1    wreg      void 
 Registers used:
		wreg, status,2, status,0, tblptrl, tblptrh, tblptru
 Tracked objects:
		On entry : 
		On exit  : 
		Unchanged: 
 Data sizes:     COMRAM   BANK0   BANK1   BANK2   BANK3   BANK4   BANK5   BANK6   BANK7
      Params:         0       0       0       0       0       0       0       0       0
      Locals:         0       0       0       0       0       0       0       0       0
      Temps:          0       0       0       0       0       0       0       0       0
      Totals:         0       0       0       0       0       0       0       0       0
Total ram usage:        0 bytes
 Hardware stack levels used:    1
 Hardware stack levels required when called:    1
 This function calls:
		Nothing
 This function is called by:
		_main
 This function uses a non-reentrant model


 *************** function _Giro_IN *****************
 Defined at:
		line 194 in file "main.c"
 Parameters:    Size  Location     Type
		None
 Auto vars:     Size  Location     Type
		None
 Return value:  Size  Location     Type
                  1    wreg      void 
 Registers used:
		wreg, status,2, status,0, tblptrl, tblptrh, tblptru
 Tracked objects:
		On entry : 
		On exit  : 
		Unchanged: 
 Data sizes:     COMRAM   BANK0   BANK1   BANK2   BANK3   BANK4   BANK5   BANK6   BANK7
      Params:         0       0       0       0       0       0       0       0       0
      Locals:         0       0       0       0       0       0       0       0       0
      Temps:          0       0       0       0       0       0       0       0       0
      Totals:         0       0       0       0       0       0       0       0       0
Total ram usage:        0 bytes
 Hardware stack levels used:    1
 Hardware stack levels required when called:    1
 This function calls:
		Nothing
 This function is called by:
		_main
 This function uses a non-reentrant model


 *************** function _INT_isr *****************
 Defined at:
		line 168 in file "main.c"
 Parameters:    Size  Location     Type
		None
 Auto vars:     Size  Location     Type
		None
 Return value:  Size  Location     Type
                  1    wreg      void 
 Registers used:
		wreg, status,2, status,0
 Tracked objects:
		On entry : 
		On exit  : 
		Unchanged: 
 Data sizes:     COMRAM   BANK0   BANK1   BANK2   BANK3   BANK4   BANK5   BANK6   BANK7
      Params:         0       0       0       0       0       0       0       0       0
      Locals:         0       0       0       0       0       0       0       0       0
      Temps:          1       0       0       0       0       0       0       0       0
      Totals:         1       0       0       0       0       0       0       0       0
Total ram usage:        1 bytes
 Hardware stack levels used:    1
 This function calls:
		Nothing
 This function is called by:
		Interrupt level 2
 This function uses a non-reentrant model



MODULE INFORMATION

Module		Function		Class		Link	Load	Size
C:\Program Files\Microchip\xc8\v2.20\pic\sources\c99\common\nf_fputc.c
		_fputc         		CODE           	19C8	0000	203

C:\Program Files\Microchip\xc8\v2.20\pic\sources\c99\common\nf_fputc.c estimated size: 203

MiLCD.c
		_LCD_Init      		CODE           	18EA	0000	223
		_LCD_Cadena    		CODE           	1C36	0000	111
		_LCD_gotoXY    		CODE           	1EEC	0000	65
		_LCD_Comando   		CODE           	1D64	0000	91
		_LCD_Data      		CODE           	1DBE	0000	89

MiLCD.c estimated size: 579

C:\Program Files\Microchip\xc8\v2.20\pic\sources\c99\common\doprnt.c
		_vfpfcnvrt     		CODE           	125A	0000	665
		_pad           		CODE           	1A92	0000	199
		_dtoa          		CODE           	0CA0	0000	739
		_vfprintf      		CODE           	1CA4	0000	99
		_xtoa          		CODE           	0F82	0000	729

C:\Program Files\Microchip\xc8\v2.20\pic\sources\c99\common\doprnt.c estimated size: 2431

C:\Program Files\Microchip\xc8\v2.20\pic\sources\c99\common\aomod.c
		___aomod       		CODE           	167A	0000	357

C:\Program Files\Microchip\xc8\v2.20\pic\sources\c99\common\aomod.c estimated size: 357

C:\Program Files\Microchip\xc8\v2.20\pic\sources\c99\common\nf_sprintf.c
		_sprintf       		CODE           	1E16	0000	83

C:\Program Files\Microchip\xc8\v2.20\pic\sources\c99\common\nf_sprintf.c estimated size: 83

C:\Program Files\Microchip\xc8\v2.20\pic\sources\c99\common\islower.c
		_islower       		CODE           	1FE0	0000	57

C:\Program Files\Microchip\xc8\v2.20\pic\sources\c99\common\islower.c estimated size: 57

C:\Program Files\Microchip\xc8\v2.20\pic\sources\c99\common\putch.c
		_putch         		CODE           	2152	0000	3

C:\Program Files\Microchip\xc8\v2.20\pic\sources\c99\common\putch.c estimated size: 3

C:\Program Files\Microchip\xc8\v2.20\pic\sources\c99\common\nf_fputs.c
		_fputs         		CODE           	1E68	0000	69

C:\Program Files\Microchip\xc8\v2.20\pic\sources\c99\common\nf_fputs.c estimated size: 69

C:\Program Files\Microchip\xc8\v2.20\pic\sources\c99\common\isupper.c
		_isupper       		CODE           	2018	0000	57

C:\Program Files\Microchip\xc8\v2.20\pic\sources\c99\common\isupper.c estimated size: 57

C:\Program Files\Microchip\xc8\v2.20\pic\sources\c99\common\toupper.c
		_toupper       		CODE           	1D06	0000	95

C:\Program Files\Microchip\xc8\v2.20\pic\sources\c99\common\toupper.c estimated size: 95

shared
		_HORARIO       		SMALLCONST     	0801	0000	5
		__initialization		CODE           	1F2C	0000	47

shared estimated size: 52

lib_USART.c
		_USART_RX      		CODE           	1BC8	0000	111
		_USART_TX      		CODE           	211C	0000	23
		_USART_Init    		CODE           	1B58	0000	113

lib_USART.c estimated size: 247

C:\Program Files\Microchip\xc8\v2.20\pic\sources\c99\common\aodiv.c
		___aodiv       		CODE           	14F2	0000	393

C:\Program Files\Microchip\xc8\v2.20\pic\sources\c99\common\aodiv.c estimated size: 393

C:\Program Files\Microchip\xc8\v2.20\pic\sources\c99\common\abs.c
		_abs           		CODE           	1EAC	0000	65

C:\Program Files\Microchip\xc8\v2.20\pic\sources\c99\common\abs.c estimated size: 65

C:\Program Files\Microchip\xc8\v2.20\pic\sources\c99\common\strlen.c
		_strlen        		CODE           	2050	0000	55

C:\Program Files\Microchip\xc8\v2.20\pic\sources\c99\common\strlen.c estimated size: 55

C:\Program Files\Microchip\xc8\v2.20\pic\sources\c99\common\isalpha.c
		_isalpha       		CODE           	1F68	0000	61

C:\Program Files\Microchip\xc8\v2.20\pic\sources\c99\common\isalpha.c estimated size: 61

main.c
		_InitPort      		CODE           	2132	0000	19
		_main          		CODE           	087E	0000	1059
		_INT_isr       		CODE           	0008	0000	53
		_Giro_OUT      		CODE           	2086	0000	53
		_Giro_IN       		CODE           	20BA	0000	53
		_Tx_i          		CODE           	1FA4	0000	61
		_Init_Int      		CODE           	2144	0000	11

main.c estimated size: 1309

C:\Program Files\Microchip\xc8\v2.20\pic\sources\c99\common\aldiv.c
		___aldiv       		CODE           	17DE	0000	269

C:\Program Files\Microchip\xc8\v2.20\pic\sources\c99\common\aldiv.c estimated size: 269

